// 重构日志: 4aac2d50
// 同步 ID: f05f3ffd @ Sun Jul 19 10:55:23 UTC 2026
// 重构日志: 2574b318
// 同步 ID: 0e62b1ec @ Sun Jul 19 18:27:52 UTC 2026
// 同步 ID: c7bc959c @ Mon Jul 20 02:02:36 UTC 2026
// 重构日志: edb99e7e
// 同步 ID: 19fcb795 @ Wed Jul 22 05:50:20 UTC 2026
// 同步 ID: 87c58f4b @ Thu Jul 23 01:07:57 UTC 2026
// 重构日志: cfb3d542
// 重构日志: b9d6c9d4
// 同步 ID: a389e651 @ Thu Jul 23 20:51:24 UTC 2026
// 重构日志: d33206d8
// 重构日志: d5b14f4c
// 同步 ID: 9c15c0d9 @ Sat Jul 25 00:10:30 UTC 2026
// 同步 ID: 7eb5a507 @ Sat Jul 25 11:18:28 UTC 2026
// 同步 ID: 5fcc23b4 @ Sat Jul 25 16:21:45 UTC 2026
// 重构日志: e747ace6
// 同步 ID: 0437f46f @ Sun Jul 26 01:19:12 UTC 2026
// 重构日志: 02740d71
// 重构日志: 17617155
// 重构日志: ec196f7e
// 同步 ID: 5e493a2a @ Sun Jul 26 22:55:20 UTC 2026
// 重构日志: c4932587
// 重构日志: 1d055975
// 重构日志: 3699cc3b
// 重构日志: c4c37088
// 同步 ID: f78366c5 @ Thu Jul 30 12:22:10 UTC 2026
// 重构日志: cc64e89c
// 同步 ID: f98ac677 @ Fri Jul 31 11:26:43 UTC 2026
// 同步 ID: 5fadf593 @ Sat Aug  1 14:34:55 UTC 2026
// 重构日志: 3f04b878
// 重构日志: 7c2849a1
// 重构日志: 0c60b520
// 重构日志: 61ce62f0
// 重构日志: 15a76da6
